[2m2:23:21 am[22m [31m[1m[vite][22m[39m [31m[2m(client)[22m[39m [31m[Unhandled error] [1mTypeError[22m: Cannot read properties of undefined (reading 'join')
[39m > src/components/SignificatorTable.jsx:19:40
    17 |            <dl className="significator-card__steps">
    18 |              <dt>A. Star lord of occupants</dt>
    19 |              <dd>{s.stepAStarOfOccupants.join(", ") || "—"}</dd>
       |                                          ^
    20 |              <dt>B. Occupants</dt>
    21 |              <dd>{s.stepBOccupants.join(", ") || "—"}</dd>
 > SignificatorTable src/components/SignificatorTable.jsx:11:21
 > Object.react_stack_bottom_frame node_modules/react-dom/cjs/react-dom-client.development.js:25904:19
 > renderWithHooks node_modules/react-dom/cjs/react-dom-client.development.js:7662:21
 > updateFunctionComponent node_modules/react-dom/cjs/react-dom-client.development.js:10166:18
 > beginWork node_modules/react-dom/cjs/react-dom-client.development.js:11778:17
 > runWithFiberInDEV node_modules/react-dom/cjs/react-dom-client.development.js:871:29
 > performUnitOfWork node_modules/react-dom/cjs/react-dom-client.development.js:17641:21
 > workLoopSync node_modules/react-dom/cjs/react-dom-client.development.js:17469:40

[2m2:23:21 am[22m [33m[1m[vite][22m[39m [33m[2m(client)[22m[39m [2m[console.warn] [22mAn error occurred in the <SignificatorTable> component.

Consider adding an error boundary to your tree to customize error handling behavior.
Visit https://react.dev/link/error-boundaries to learn more about error boundaries.

[2m2:34:00 am[22m [31m[1m[vite][22m[39m [31m[2m(client)[22m[39m [2m[console.error] [22mReceived NaN for the `y` attribute. If this is expected, cast the value to a string.
[2m2:34:00 am[22m [31m[1m[vite][22m[39m [31m[2m(client)[22m[39m [2m[console.error] [22mReceived NaN for the `y` attribute. If this is expected, cast the value to a string.
